create table order_detail (order_no number(10),order_date varchar2(10),item varchar2(50),item_price number(15
  2  ),discount number (10);
),discount number (10)
                     *
ERROR at line 2:
ORA-00907: missing right parenthesis 


SQL> create table order_detail (order_no number(10),order_date varchar2(10),item varchar2(50),item_price number(15),discount number (10);
create table order_detail (order_no number(10),order_date varchar2(10),item varchar2(50),item_price number(15),discount number (10)
                                                                                                                                  *
ERROR at line 1:
ORA-00907: missing right parenthesis 


SQL> create table order_detail (order_no number(10),order_date varchar2(10),item varchar2(50),item_price number(15),discount number (10) );

Table created.

SQL> slect *from order_detail;
SP2-0734: unknown command beginning "slect *fro..." - rest of line ignored.
SQL> select *from order detail;
select *from order detail
             *
ERROR at line 1:
ORA-00903: invalid table name 


SQL> select *from order_detail;

no rows selected

SQL> desc order_detail;
 Name                                      Null?    Type
 ----------------------------------------- -------- ----------------------------
 ORDER_NO                                           NUMBER(10)
 ORDER_DATE                                         VARCHAR2(10)
 ITEM                                               VARCHAR2(50)
 ITEM_PRICE                                         NUMBER(15)
 DISCOUNT                                           NUMBER(10)

SQL> commit;

Commit complete.

SQL> insert into order_dtail (1,date'28-07-2026','burger','199',5);
insert into order_dtail (1,date'28-07-2026','burger','199',5)
                         *
ERROR at line 1:
ORA-00928: missing SELECT keyword 


SQL>  insert into order_detail (1,date'28-07-2026','burger','199',5);
 insert into order_detail (1,date'28-07-2026','burger','199',5)
                           *
ERROR at line 1:
ORA-00928: missing SELECT keyword 


SQL>  insert into order_detail (1,'28-07-2026','burger',199,5);
 insert into order_detail (1,'28-07-2026','burger',199,5)
                           *
ERROR at line 1:
ORA-00928: missing SELECT keyword 


SQL>  insert into order_detail ('1','28-07-2026','burger','199','5');
 insert into order_detail ('1','28-07-2026','burger','199','5')
                           *
ERROR at line 1:
ORA-00928: missing SELECT keyword 


SQL>  insert into order_detail values('1','28-07-2026','burger','199','5');

1 row created.

SQL> insert into order_detail values ('2','27-07-2026','coffe','99','1');

1 row created.

SQL> insert into order_detail values ('3','26-07-2026','pizza','499','100');

1 row created.

SQL> select *from order_detail;

  ORDER_NO ORDER_DATE ITEM                                                      
---------- ---------- --------------------------------------------------        
ITEM_PRICE   DISCOUNT                                                           
---------- ----------                                                           
         1 28-07-2026 burger                                                    
       199          5                                                           
                                                                                
         2 27-07-2026 coffe                                                     
        99          1                                                           
                                                                                
         3 26-07-2026 pizza                                                     
       499        100                                                           
                                                                                

SQL> select sum
  2  
SQL> select sum(item_price) from order_detail;

SUM(ITEM_PRICE)                                                                 
---------------                                                                 
            797                                                                 

SQL> commit;

Commit complete.

SQL> create table emp3 (emp_no number(10),emp_name varchar2(15
  2  
SQL> 
SQL>  create table emp3 (emp_no number(10),emp_name varchar2(15),company varchar2(20),salary number(7),city varchar2(12);
 create table emp3 (emp_no number(10),emp_name varchar2(15),company varchar2(20),salary number(7),city varchar2(12)
                                                                                                                  *
ERROR at line 1:
ORA-00907: missing right parenthesis 


SQL> create table emp3 (emp_no number(10),emp_name varchar2(15),company varchar2(20),salary number(7),city varchar2(12) );

Table created.

SQL> desc emp3;
 Name                                      Null?    Type
 ----------------------------------------- -------- ----------------------------
 EMP_NO                                             NUMBER(10)
 EMP_NAME                                           VARCHAR2(15)
 COMPANY                                            VARCHAR2(20)
 SALARY                                             NUMBER(7)
 CITY                                               VARCHAR2(12)

SQL> commit;

Commit complete.

SQL> 
