select count(job) AS total_job, avg(sal) from emp group by job;

 TOTAL_JOB   AVG(SAL)                                                           
---------- ----------                                                           
         4     1037.5                                                           
         4       1400                                                           
         1       5000                                                           
         3 2758.33333                                                           
         2       3000                                                           

SQL> select deptno as total_dept , count (*) as total_employee
  2  from emp
  3  group by deptno
  4  having count(*) > 3;

TOTAL_DEPT TOTAL_EMPLOYEE                                                       
---------- --------------                                                       
        30              6                                                       
        20              5                                                       

SQL> select deptno as total_dept , min(sal)
  2  from emp
  3  group by deptno
  4  having min(sal) >= 1000;

TOTAL_DEPT   MIN(SAL)                                                           
---------- ----------                                                           
        10       1300                                                           

SQL> select e.empno,e.ename,d.deptno,d.dname
  2  from emp e inner join dept d
  3  on e.deptno=d.deptno;

     EMPNO ENAME          DEPTNO DNAME                                          
---------- ---------- ---------- --------------                                 
      7782 CLARK              10 ACCOUNTING                                     
      7839 KING               10 ACCOUNTING                                     
      7934 MILLER             10 ACCOUNTING                                     
      7566 JONES              20 RESEARCH                                       
      7902 FORD               20 RESEARCH                                       
      7876 ADAMS              20 RESEARCH                                       
      7369 SMITH              20 RESEARCH                                       
      7788 SCOTT              20 RESEARCH                                       
      7521 WARD               30 SALES                                          
      7844 TURNER             30 SALES                                          
      7499 ALLEN              30 SALES                                          

     EMPNO ENAME          DEPTNO DNAME                                          
---------- ---------- ---------- --------------                                 
      7900 JAMES              30 SALES                                          
      7698 BLAKE              30 SALES                                          
      7654 MARTIN             30 SALES                                          

14 rows selected.

SQL> select e.empno,e.ename,d.deptno,d.dname
  2  from emp e left outer join dept d
  3  on e.deptno=d.deptno;

     EMPNO ENAME          DEPTNO DNAME                                          
---------- ---------- ---------- --------------                                 
      7934 MILLER             10 ACCOUNTING                                     
      7839 KING               10 ACCOUNTING                                     
      7782 CLARK              10 ACCOUNTING                                     
      7902 FORD               20 RESEARCH                                       
      7876 ADAMS              20 RESEARCH                                       
      7788 SCOTT              20 RESEARCH                                       
      7566 JONES              20 RESEARCH                                       
      7369 SMITH              20 RESEARCH                                       
      7900 JAMES              30 SALES                                          
      7844 TURNER             30 SALES                                          
      7698 BLAKE              30 SALES                                          

     EMPNO ENAME          DEPTNO DNAME                                          
---------- ---------- ---------- --------------                                 
      7654 MARTIN             30 SALES                                          
      7521 WARD               30 SALES                                          
      7499 ALLEN              30 SALES                                          

14 rows selected.

SQL> select e.empno,e.ename,d.deptno,d.dname
  2  from emp e right outer join dept d
  3  on e.deptno=d.deptno;

     EMPNO ENAME          DEPTNO DNAME                                          
---------- ---------- ---------- --------------                                 
      7782 CLARK              10 ACCOUNTING                                     
      7839 KING               10 ACCOUNTING                                     
      7934 MILLER             10 ACCOUNTING                                     
      7566 JONES              20 RESEARCH                                       
      7902 FORD               20 RESEARCH                                       
      7876 ADAMS              20 RESEARCH                                       
      7369 SMITH              20 RESEARCH                                       
      7788 SCOTT              20 RESEARCH                                       
      7521 WARD               30 SALES                                          
      7844 TURNER             30 SALES                                          
      7499 ALLEN              30 SALES                                          

     EMPNO ENAME          DEPTNO DNAME                                          
---------- ---------- ---------- --------------                                 
      7900 JAMES              30 SALES                                          
      7698 BLAKE              30 SALES                                          
      7654 MARTIN             30 SALES                                          
                              40 OPERATIONS                                     

15 rows selected.

SQL> select e.empno,e.ename,d.deptno,d.dname
  2  from emp e full outer join dept d
  3  on e.deptno=d.deptno;

     EMPNO ENAME          DEPTNO DNAME                                          
---------- ---------- ---------- --------------                                 
      7934 MILLER             10 ACCOUNTING                                     
      7839 KING               10 ACCOUNTING                                     
      7782 CLARK              10 ACCOUNTING                                     
      7902 FORD               20 RESEARCH                                       
      7876 ADAMS              20 RESEARCH                                       
      7788 SCOTT              20 RESEARCH                                       
      7566 JONES              20 RESEARCH                                       
      7369 SMITH              20 RESEARCH                                       
      7900 JAMES              30 SALES                                          
      7844 TURNER             30 SALES                                          
      7698 BLAKE              30 SALES                                          

     EMPNO ENAME          DEPTNO DNAME                                          
---------- ---------- ---------- --------------                                 
      7654 MARTIN             30 SALES                                          
      7521 WARD               30 SALES                                          
      7499 ALLEN              30 SALES                                          
                              40 OPERATIONS                                     

15 rows selected.

SQL> select distinct e.deptno as department,e.ename as employee m.name as manager
  2  from emp e left join emp m
  3  on e.mgr=m.empno order by e.deptno;
select distinct e.deptno as department,e.ename as employee m.name as manager
                                                           *
ERROR at line 1:
ORA-00923: FROM keyword not found where expected 


SQL> select distinct e.deptno as department,e.ename as employee,m.name as manager
  2  from emp e left join emp m
  3  on e.mgr=m.empno order by e.deptno;
select distinct e.deptno as department,e.ename as employee,m.name as manager
                                                           *
ERROR at line 1:
ORA-00904: "M"."NAME": invalid identifier 


SQL> select distinct e.deptno as department,ename as employee,m.name as manager
  2  from emp e left join emp m
  3  on e.mgr=m.empno order by e.deptno;
select distinct e.deptno as department,ename as employee,m.name as manager
                                                         *
ERROR at line 1:
ORA-00904: "M"."NAME": invalid identifier 


SQL> select distinct e.deptno as department,ename as employee,mname as manager
  2  from emp e left join emp m
  3  on e.mgr=m.empno order by e.deptno;
select distinct e.deptno as department,ename as employee,mname as manager
                                                         *
ERROR at line 1:
ORA-00904: "MNAME": invalid identifier 


SQL> select distinct e.deptno as department,ename as employee,mgr as manager
  2  from emp e left join emp m
  3  on e.mgr=m.empno order by e.deptno;
select distinct e.deptno as department,ename as employee,mgr as manager
                                                         *
ERROR at line 1:
ORA-00918: column ambiguously defined 


SQL> select * from dept;

    DEPTNO DNAME          LOC                                                   
---------- -------------- -------------                                         
        10 ACCOUNTING     NEW YORK                                              
        20 RESEARCH       DALLAS                                                
        30 SALES          CHICAGO                                               
        40 OPERATIONS     BOSTON                                                

SQL> select * from emp;

     EMPNO ENAME      JOB              MGR HIREDATE         SAL       COMM      
---------- ---------- --------- ---------- --------- ---------- ----------      
    DEPTNO                                                                      
----------                                                                      
      7369 SMITH      CLERK           7902 17-DEC-80        800                 
        20                                                                      
                                                                                
      7499 ALLEN      SALESMAN        7698 20-FEB-81       1600        300      
        30                                                                      
                                                                                
      7521 WARD       SALESMAN        7698 22-FEB-81       1250        500      
        30                                                                      
                                                                                

     EMPNO ENAME      JOB              MGR HIREDATE         SAL       COMM      
---------- ---------- --------- ---------- --------- ---------- ----------      
    DEPTNO                                                                      
----------                                                                      
      7566 JONES      MANAGER         7839 02-APR-81       2975                 
        20                                                                      
                                                                                
      7654 MARTIN     SALESMAN        7698 28-SEP-81       1250       1400      
        30                                                                      
                                                                                
      7698 BLAKE      MANAGER         7839 01-MAY-81       2850                 
        30                                                                      
                                                                                

     EMPNO ENAME      JOB              MGR HIREDATE         SAL       COMM      
---------- ---------- --------- ---------- --------- ---------- ----------      
    DEPTNO                                                                      
----------                                                                      
      7782 CLARK      MANAGER         7839 09-JUN-81       2450                 
        10                                                                      
                                                                                
      7788 SCOTT      ANALYST         7566 19-APR-87       3000                 
        20                                                                      
                                                                                
      7839 KING       PRESIDENT            17-NOV-81       5000                 
        10                                                                      
                                                                                

     EMPNO ENAME      JOB              MGR HIREDATE         SAL       COMM      
---------- ---------- --------- ---------- --------- ---------- ----------      
    DEPTNO                                                                      
----------                                                                      
      7844 TURNER     SALESMAN        7698 08-SEP-81       1500          0      
        30                                                                      
                                                                                
      7876 ADAMS      CLERK           7788 23-MAY-87       1100                 
        20                                                                      
                                                                                
      7900 JAMES      CLERK           7698 03-DEC-81        950                 
        30                                                                      
                                                                                

     EMPNO ENAME      JOB              MGR HIREDATE         SAL       COMM      
---------- ---------- --------- ---------- --------- ---------- ----------      
    DEPTNO                                                                      
----------                                                                      
      7902 FORD       ANALYST         7566 03-DEC-81       3000                 
        20                                                                      
                                                                                
      7934 MILLER     CLERK           7782 23-JAN-82       1300                 
        10                                                                      
                                                                                

14 rows selected.

SQL> select distinct e.deptno as department,ename as employee,mgr.name as manager
  2  from emp e left join emp m
  3  on e.mgr=m.empno order by e.deptno;
select distinct e.deptno as department,ename as employee,mgr.name as manager
                                                         *
ERROR at line 1:
ORA-00904: "MGR"."NAME": invalid identifier 


SQL> select distinct e.deptno as department,ename as employee,mgr.name as manager
  2  from emp e left join emp m
  3  on e.mgr=m.empno order by e.deptno;
select distinct e.deptno as department,ename as employee,mgr.name as manager
                                                         *
ERROR at line 1:
ORA-00904: "MGR"."NAME": invalid identifier 


SQL> select distinct e.deptno as department,ename as employee,m.name as manager from emp e left join emp m on e.mgr=m.empno order by e.deptno;
select distinct e.deptno as department,ename as employee,m.name as manager from emp e left join emp m on e.mgr=m.empno order by e.deptno
                                                         *
ERROR at line 1:
ORA-00904: "M"."NAME": invalid identifier 


SQL> select distinct e.deptno as department,ename as employee,m.ename as manager from emp e left join emp m on e.mgr=m.empno order by e.deptno;
select distinct e.deptno as department,ename as employee,m.ename as manager from emp e left join emp m on e.mgr=m.empno order by e.deptno
                                       *
ERROR at line 1:
ORA-00918: column ambiguously defined 


SQL> select distinct e.deptno as department,e.ename as employee,m.ename as manager from emp e left join emp m on e.mgr=m.empno order by e.deptno;

DEPARTMENT EMPLOYEE   MANAGER                                                   
---------- ---------- ----------                                                
        10 CLARK      KING                                                      
        10 KING                                                                 
        10 MILLER     CLARK                                                     
        20 ADAMS      SCOTT                                                     
        20 FORD       JONES                                                     
        20 JONES      KING                                                      
        20 SCOTT      JONES                                                     
        20 SMITH      FORD                                                      
        30 ALLEN      BLAKE                                                     
        30 BLAKE      KING                                                      
        30 JAMES      BLAKE                                                     

DEPARTMENT EMPLOYEE   MANAGER                                                   
---------- ---------- ----------                                                
        30 MARTIN     BLAKE                                                     
        30 TURNER     BLAKE                                                     
        30 WARD       BLAKE                                                     

14 rows selected.

SQL> select e.ename,d.dname from emp e cross join dept d;

ENAME      DNAME                                                                
---------- --------------                                                       
SMITH      ACCOUNTING                                                           
ALLEN      ACCOUNTING                                                           
WARD       ACCOUNTING                                                           
JONES      ACCOUNTING                                                           
MARTIN     ACCOUNTING                                                           
BLAKE      ACCOUNTING                                                           
CLARK      ACCOUNTING                                                           
SCOTT      ACCOUNTING                                                           
KING       ACCOUNTING                                                           
TURNER     ACCOUNTING                                                           
ADAMS      ACCOUNTING                                                           

ENAME      DNAME                                                                
---------- --------------                                                       
JAMES      ACCOUNTING                                                           
FORD       ACCOUNTING                                                           
MILLER     ACCOUNTING                                                           
SMITH      RESEARCH                                                             
ALLEN      RESEARCH                                                             
WARD       RESEARCH                                                             
JONES      RESEARCH                                                             
MARTIN     RESEARCH                                                             
BLAKE      RESEARCH                                                             
CLARK      RESEARCH                                                             
SCOTT      RESEARCH                                                             

ENAME      DNAME                                                                
---------- --------------                                                       
KING       RESEARCH                                                             
TURNER     RESEARCH                                                             
ADAMS      RESEARCH                                                             
JAMES      RESEARCH                                                             
FORD       RESEARCH                                                             
MILLER     RESEARCH                                                             
SMITH      SALES                                                                
ALLEN      SALES                                                                
WARD       SALES                                                                
JONES      SALES                                                                
MARTIN     SALES                                                                

ENAME      DNAME                                                                
---------- --------------                                                       
BLAKE      SALES                                                                
CLARK      SALES                                                                
SCOTT      SALES                                                                
KING       SALES                                                                
TURNER     SALES                                                                
ADAMS      SALES                                                                
JAMES      SALES                                                                
FORD       SALES                                                                
MILLER     SALES                                                                
SMITH      OPERATIONS                                                           
ALLEN      OPERATIONS                                                           

ENAME      DNAME                                                                
---------- --------------                                                       
WARD       OPERATIONS                                                           
JONES      OPERATIONS                                                           
MARTIN     OPERATIONS                                                           
BLAKE      OPERATIONS                                                           
CLARK      OPERATIONS                                                           
SCOTT      OPERATIONS                                                           
KING       OPERATIONS                                                           
TURNER     OPERATIONS                                                           
ADAMS      OPERATIONS                                                           
JAMES      OPERATIONS                                                           
FORD       OPERATIONS                                                           

ENAME      DNAME                                                                
---------- --------------                                                       
MILLER     OPERATIONS                                                           

56 rows selected.

SQL> select * from emp natural join dept;

    DEPTNO      EMPNO ENAME      JOB              MGR HIREDATE         SAL      
---------- ---------- ---------- --------- ---------- --------- ----------      
      COMM DNAME          LOC                                                   
---------- -------------- -------------                                         
        10       7782 CLARK      MANAGER         7839 09-JUN-81       2450      
           ACCOUNTING     NEW YORK                                              
                                                                                
        10       7839 KING       PRESIDENT            17-NOV-81       5000      
           ACCOUNTING     NEW YORK                                              
                                                                                
        10       7934 MILLER     CLERK           7782 23-JAN-82       1300      
           ACCOUNTING     NEW YORK                                              
                                                                                

    DEPTNO      EMPNO ENAME      JOB              MGR HIREDATE         SAL      
---------- ---------- ---------- --------- ---------- --------- ----------      
      COMM DNAME          LOC                                                   
---------- -------------- -------------                                         
        20       7566 JONES      MANAGER         7839 02-APR-81       2975      
           RESEARCH       DALLAS                                                
                                                                                
        20       7902 FORD       ANALYST         7566 03-DEC-81       3000      
           RESEARCH       DALLAS                                                
                                                                                
        20       7876 ADAMS      CLERK           7788 23-MAY-87       1100      
           RESEARCH       DALLAS                                                
                                                                                

    DEPTNO      EMPNO ENAME      JOB              MGR HIREDATE         SAL      
---------- ---------- ---------- --------- ---------- --------- ----------      
      COMM DNAME          LOC                                                   
---------- -------------- -------------                                         
        20       7369 SMITH      CLERK           7902 17-DEC-80        800      
           RESEARCH       DALLAS                                                
                                                                                
        20       7788 SCOTT      ANALYST         7566 19-APR-87       3000      
           RESEARCH       DALLAS                                                
                                                                                
        30       7521 WARD       SALESMAN        7698 22-FEB-81       1250      
       500 SALES          CHICAGO                                               
                                                                                

    DEPTNO      EMPNO ENAME      JOB              MGR HIREDATE         SAL      
---------- ---------- ---------- --------- ---------- --------- ----------      
      COMM DNAME          LOC                                                   
---------- -------------- -------------                                         
        30       7844 TURNER     SALESMAN        7698 08-SEP-81       1500      
         0 SALES          CHICAGO                                               
                                                                                
        30       7499 ALLEN      SALESMAN        7698 20-FEB-81       1600      
       300 SALES          CHICAGO                                               
                                                                                
        30       7900 JAMES      CLERK           7698 03-DEC-81        950      
           SALES          CHICAGO                                               
                                                                                

    DEPTNO      EMPNO ENAME      JOB              MGR HIREDATE         SAL      
---------- ---------- ---------- --------- ---------- --------- ----------      
      COMM DNAME          LOC                                                   
---------- -------------- -------------                                         
        30       7698 BLAKE      MANAGER         7839 01-MAY-81       2850      
           SALES          CHICAGO                                               
                                                                                
        30       7654 MARTIN     SALESMAN        7698 28-SEP-81       1250      
      1400 SALES          CHICAGO                                               
                                                                                

14 rows selected.

SQL> 
