INSERT INTO Department (deptno, dname, location) VALUES
  2  
SQL> 
SQL> INSERT INTO def5_dept (deptno, dname, location) VALUES
  2  (10, 'Accounting', 'New York');

1 row created.

SQL> INSERT INTO def5_dept (deptno, dname, location) VALUES
  2  (20, 'Research', 'Dallas');

1 row created.

SQL> INSERT INTO def5_dept (deptno, dname, location) VALUES
  2  (30, 'Sales', 'Chicago');

1 row created.

SQL> INSERT INTO def5_dept (deptno, dname, location) VALUES
  2  (40, 'Operations', 'Boston');

1 row created.


SQL> INSERT INTO def5_emp (empno, ename, job, mgrno, hiredate, salary, comm, deptno) VALUES
  2  (7001, 'Amar', 'Clerk', 7002,date'2021-01-15', 30000.00, NULL, 10);

1 row created.

SQL> INSERT INTO def5_emp (empno, ename, job, mgrno, hiredate, salary, comm, deptno) VALUES
  2  (7002, 'Suresh', 'Manager', 7002,date'2019-05-10', 45000.00, 5000.00, 10);

1 row created.

SQL> INSERT INTO def5_emp (empno, ename, job, mgrno, hiredate, salary, comm, deptno) VALUES
  2  (7003, 'Rohit', 'Analyst', 7002,date'2020-08-20', 50000.00, NULL, 20);

1 row created.

SQL> INSERT INTO def5_emp (empno, ename, job, mgrno, hiredate, salary, comm, deptno) VALUES
  2  (7004, 'Karan', 'Director', 7004,date'2018-03-01', 70000.00, NULL, 30);

1 row created.

SQL> INSERT INTO def5_emp (empno, ename, job, mgrno, hiredate, salary, comm, deptno) VALUES
  2  (7005, 'Rhea', 'Salesman', 7002,date'2022-11-12', 35000.00, 2000.00, 30);

1 row created.

SQL> INSERT INTO def5_emp (empno, ename, job, mgrno, hiredate, salary, comm, deptno) VALUES
  2  (7006, 'Priya', 'Analyst', 7003,date'2021-06-18', 42000.00, NULL, 20)
  3  ;

1 row created.

SQL> INSERT INTO def5_emp (empno, ename, job, mgrno, hiredate, salary, comm, deptno) VALUES
  2  (7007, 'Sameer', 'Salesman', 7002,date'2023-02-01', 60000.00, 1500.00, 30);

1 row created.

SQL> commit;

Commit complete.




SQL> SELECT *
  2  FROM def5_emp
  3  WHERE ename LIKE 'S%' OR ename LIKE 'R%';

     EMPNO ENAME                                                                
---------- --------------------------------------------------                   
JOB                                 MGRNO HIREDATE      SALARY       COMM       
------------------------------ ---------- --------- ---------- ----------       
    DEPTNO                                                                      
----------                                                                      
      7002 Suresh                                                               
Manager                              7002 10-MAY-19      45000       5000       
        10                                                                      
                                                                                
      7003 Rohit                                                                
Analyst                              7002 20-AUG-20      50000                  
        20                                                                      

     EMPNO ENAME                                                                
---------- --------------------------------------------------                   
JOB                                 MGRNO HIREDATE      SALARY       COMM       
------------------------------ ---------- --------- ---------- ----------       
    DEPTNO                                                                      
----------                                                                      
                                                                                
      7005 Rhea                                                                 
Salesman                             7002 12-NOV-22      35000       2000       
        30                                                                      
                                                                                
      7007 Sameer                                                               
Salesman                             7002 01-FEB-23      60000       1500       

     EMPNO ENAME                                                                
---------- --------------------------------------------------                   
JOB                                 MGRNO HIREDATE      SALARY       COMM       
------------------------------ ---------- --------- ---------- ----------       
    DEPTNO                                                                      
----------                                                                      
        30                                                                      
                                                                                

SQL> SELECT DISTINCT job
  2  FROM def5_emp;

JOB                                                                             
------------------------------                                                  
Clerk                                                                           
Manager                                                                         
Analyst                                                                         
Salesman                                                                        
Director                                                                        


SQL> SELECT *
  2  FROM def5_emp
  3  WHERE salary > (SELECT salary FROM def5_emp WHERE ename = 'Amar')
  4    AND salary < (SELECT salary FROM def5_emp WHERE ename = 'Karan');

     EMPNO ENAME                                                                
---------- --------------------------------------------------                   
JOB                                 MGRNO HIREDATE      SALARY       COMM       
------------------------------ ---------- --------- ---------- ----------       
    DEPTNO                                                                      
----------                                                                      
      7002 Suresh                                                               
Manager                              7002 10-MAY-19      45000       5000       
        10                                                                      
                                                                                
      7003 Rohit                                                                
Analyst                              7002 20-AUG-20      50000                  
        20                                                                      

     EMPNO ENAME                                                                
---------- --------------------------------------------------                   
JOB                                 MGRNO HIREDATE      SALARY       COMM       
------------------------------ ---------- --------- ---------- ----------       
    DEPTNO                                                                      
----------                                                                      
                                                                                
      7005 Rhea                                                                 
Salesman                             7002 12-NOV-22      35000       2000       
        30                                                                      
                                                                                
      7006 Priya                                                                
Analyst                              7003 18-JUN-21      42000                  

     EMPNO ENAME                                                                
---------- --------------------------------------------------                   
JOB                                 MGRNO HIREDATE      SALARY       COMM       
------------------------------ ---------- --------- ---------- ----------       
    DEPTNO                                                                      
----------                                                                      
        20                                                                      
                                                                                
      7007 Sameer                                                               
Salesman                             7002 01-FEB-23      60000       1500       
        30                                                                      
                                                                                

SQL> commit;

Commit complete.

SQL> 
