CREATE TABLE def13_Salesman (
  2      salesman_id INT PRIMARY KEY,
  3      name VARCHAR(50),
  4      city VARCHAR(50),
  5      commission DECIMAL(4,2)
  6  );

Table created.

SQL> 
SQL> CREATE TABLE def13_Customer (
  2      cust_id INT PRIMARY KEY,
  3      cname VARCHAR(50),
  4      city VARCHAR(50),
  5      grade INT,
  6      salesman_id INT,
  7      FOREIGN KEY (salesman_id) REFERENCES def13_Salesman(salesman_id)
  8  );

Table created.

SQL> 
SQL> CREATE TABLE def13_Order (
  2      ord_id INT PRIMARY KEY,
  3      purchase_amt DECIMAL(10,2),
  4      order_date DATE,
  5      cust_id INT,
  6      salesman_id INT,
  7      FOREIGN KEY (cust_id) REFERENCES def13_Customer(cust_id),
  8      FOREIGN KEY (salesman_id) REFERENCES def13_Salesman(salesman_id)
  9  );

Table created.

SQL> 
SQL> CREATE TABLE def13_Emp_department (
  2      dept_no INT PRIMARY KEY,
  3      deptname VARCHAR(50)
  4  );

Table created.

SQL> 
SQL> CREATE TABLE def13_Emp_details (
  2      Emp_id INT PRIMARY KEY,
  3      emp_fname VARCHAR(50),
  4      emp_lname VARCHAR(50),
  5      salary DECIMAL(10,2),
  6      dept_no INT,
  7      FOREIGN KEY (dept_no) REFERENCES def13_Emp_department(dept_no)
  8  );

Table created.

SQL> 
SQL> INSERT INTO def13_Salesman (salesman_id, name, city, commission) VALUES (5001, 'James Hoog', 'New York', 0.15);

1 row created.

SQL> INSERT INTO def13_Salesman (salesman_id, name, city, commission) VALUES (5002, 'Nail Knite', 'Paris', 0.13);

1 row created.

SQL> INSERT INTO def13_Salesman (salesman_id, name, city, commission) VALUES (5003, 'Lauson Hen', 'San Jose', 0.12);

1 row created.

SQL> INSERT INTO def13_Salesman (salesman_id, name, city, commission) VALUES (5006, 'Mc Lyon', 'Paris', 0.14);

1 row created.

SQL> INSERT INTO def13_Salesman (salesman_id, name, city, commission) VALUES (5007, 'Paul Adam', 'Rome', 0.13);

1 row created.

SQL> 
SQL> INSERT INTO def13_Customer (cust_id, cname, city, grade, salesman_id) VALUES (3001, 'Brad Guzan', 'London', 100, 5005);
INSERT INTO def13_Customer (cust_id, cname, city, grade, salesman_id) VALUES (3001, 'Brad Guzan', 'London', 100, 5005)
*
ERROR at line 1:
ORA-02291: integrity constraint (SCOTT.SYS_C005273) violated - parent key not 
found 


SQL> INSERT INTO def13_Customer (cust_id, cname, city, grade, salesman_id) VALUES (3002, 'Nick Rimando', 'New York', 200, 5001);

1 row created.

SQL> INSERT INTO def13_Customer (cust_id, cname, city, grade, salesman_id) VALUES (3003, 'Jozy Altidore', 'Moscow', 200, 5003);

1 row created.

SQL> INSERT INTO def13_Customer (cust_id, cname, city, grade, salesman_id) VALUES (3004, 'Fabian Johnson', 'Paris', 300, 5002);

1 row created.

SQL> INSERT INTO def13_Customer (cust_id, cname, city, grade, salesman_id) VALUES (3007, 'Brad Davis', 'New York', 200, 5001);

1 row created.

SQL> INSERT INTO def13_Customer (cust_id, cname, city, grade, salesman_id) VALUES (3009, 'Geoff Cameron', 'Berlin', 100, 5003);

1 row created.



SQL> 
SQL> INSERT INTO def13_Emp_department (dept_no, deptname) VALUES (10, 'HR');

1 row created.

SQL> INSERT INTO def13_Emp_department (dept_no, deptname) VALUES (20, 'IT');

1 row created.

SQL> INSERT INTO def13_Emp_department (dept_no, deptname) VALUES (30, 'Finance');

1 row created.

SQL> 
SQL> INSERT INTO def13_Emp_details (Emp_id, emp_fname, emp_lname, salary, dept_no) VALUES (1, 'John', 'Doe', 50000.00, 20);

1 row created.

SQL> INSERT INTO def13_Emp_details (Emp_id, emp_fname, emp_lname, salary, dept_no) VALUES (2, 'Jane', 'Smith', 60000.00, 20);

1 row created.

SQL> INSERT INTO def13_Emp_details (Emp_id, emp_fname, emp_lname, salary, dept_no) VALUES (3, 'Bob', 'Taylor', 55000.00, 20);

1 row created.

SQL> INSERT INTO def13_Emp_details (Emp_id, emp_fname, emp_lname, salary, dept_no) VALUES (4, 'Alice', 'Johnson', 70000.00, 10);

1 row created.

SQL> INSERT INTO def13_Emp_details (Emp_id, emp_fname, emp_lname, salary, dept_no) VALUES (5, 'Charlie', 'Brown', 45000.00, 30);

1 row created.

SQL> INSERT INTO def13_Order (ord_id, purchase_amt, order_date, cust_id, salesman_id) VALUES  (70002, 65.26, date'2026-05-03', 3002, 5001);

1 row created.

SQL> INSERT INTO def13_Order (ord_id, purchase_amt, order_date, cust_id, salesman_id) VALUES  (70005, 2400.60, date'2026-05-06', 3007, 5001);

1 row created.

SQL> INSERT INTO def13_Order (ord_id, purchase_amt, order_date, cust_id, salesman_id) VALUES  (70008, 5760.00, date'2026-05-07', 3002, 5001);

1 row created.

SQL> INSERT INTO def13_Order (ord_id, purchase_amt, order_date, cust_id, salesman_id) VALUES  (70010, 1983.43, date'2026-05-08', 3004, 5002);

1 row created.

SQL> 
