SELECT
  2      i.Item_id,
  3      i.Item_name,
  4      i.price,
  5      i.company_code,
  6      c.com_name AS producer_company
  7  FROM def18_Item_Master i
  8  JOIN def18_Company_master c
  9    ON i.company_code = c.Com_id;

   ITEM_ID                                                                      
----------                                                                      
ITEM_NAME                                                                       
--------------------------------------------------------------------------------
     PRICE COMPANY_CODE                                                         
---------- ------------                                                         
PRODUCER_COMPANY                                                                
--------------------------------------------------------------------------------
       101                                                                      
Galaxy S23                                                                      
       750           11                                                         
Samsung                                                                         
                                                                                

   ITEM_ID                                                                      
----------                                                                      
ITEM_NAME                                                                       
--------------------------------------------------------------------------------
     PRICE COMPANY_CODE                                                         
---------- ------------                                                         
PRODUCER_COMPANY                                                                
--------------------------------------------------------------------------------
       102                                                                      
Smart TV                                                                        
       400           11                                                         
Samsung                                                                         
                                                                                

   ITEM_ID                                                                      
----------                                                                      
ITEM_NAME                                                                       
--------------------------------------------------------------------------------
     PRICE COMPANY_CODE                                                         
---------- ------------                                                         
PRODUCER_COMPANY                                                                
--------------------------------------------------------------------------------
       106                                                                      
Headphones                                                                      
       150           13                                                         
Sony                                                                            
                                                                                

   ITEM_ID                                                                      
----------                                                                      
ITEM_NAME                                                                       
--------------------------------------------------------------------------------
     PRICE COMPANY_CODE                                                         
---------- ------------                                                         
PRODUCER_COMPANY                                                                
--------------------------------------------------------------------------------
       107                                                                      
Monitor                                                                         
       300           14                                                         
LG                                                                              
                                                                                

   ITEM_ID                                                                      
----------                                                                      
ITEM_NAME                                                                       
--------------------------------------------------------------------------------
     PRICE COMPANY_CODE                                                         
---------- ------------                                                         
PRODUCER_COMPANY                                                                
--------------------------------------------------------------------------------
       103                                                                      
iPhone 15                                                                       
       900           12                                                         
Apple                                                                           
                                                                                

   ITEM_ID                                                                      
----------                                                                      
ITEM_NAME                                                                       
--------------------------------------------------------------------------------
     PRICE COMPANY_CODE                                                         
---------- ------------                                                         
PRODUCER_COMPANY                                                                
--------------------------------------------------------------------------------
       104                                                                      
AirPods                                                                         
       200           12                                                         
Apple                                                                           
                                                                                

   ITEM_ID                                                                      
----------                                                                      
ITEM_NAME                                                                       
--------------------------------------------------------------------------------
     PRICE COMPANY_CODE                                                         
---------- ------------                                                         
PRODUCER_COMPANY                                                                
--------------------------------------------------------------------------------
       105                                                                      
PlayStation 5                                                                   
       500           13                                                         
Sony                                                                            
                                                                                

7 rows selected.

SQL> SELECT
  2      i.Item_name,
  3      i.price,
  4      c.com_name
  5  FROM def18_Item_Master i
  6  JOIN def18_Company_master c
  7    ON i.company_code = c.Com_id;

ITEM_NAME                                                                       
--------------------------------------------------------------------------------
     PRICE                                                                      
----------                                                                      
COM_NAME                                                                        
--------------------------------------------------------------------------------
Galaxy S23                                                                      
       750                                                                      
Samsung                                                                         
                                                                                
Smart TV                                                                        
       400                                                                      
Samsung                                                                         

ITEM_NAME                                                                       
--------------------------------------------------------------------------------
     PRICE                                                                      
----------                                                                      
COM_NAME                                                                        
--------------------------------------------------------------------------------
                                                                                
Headphones                                                                      
       150                                                                      
Sony                                                                            
                                                                                
Monitor                                                                         
       300                                                                      

ITEM_NAME                                                                       
--------------------------------------------------------------------------------
     PRICE                                                                      
----------                                                                      
COM_NAME                                                                        
--------------------------------------------------------------------------------
LG                                                                              
                                                                                
iPhone 15                                                                       
       900                                                                      
Apple                                                                           
                                                                                
AirPods                                                                         

ITEM_NAME                                                                       
--------------------------------------------------------------------------------
     PRICE                                                                      
----------                                                                      
COM_NAME                                                                        
--------------------------------------------------------------------------------
       200                                                                      
Apple                                                                           
                                                                                
PlayStation 5                                                                   
       500                                                                      
Sony                                                                            
                                                                                

7 rows selected.

SQL> 
SQL> SELECT
  2      c.com_name,
  3      AVG(i.price) AS average_price
  4  FROM def18_Company_master c
  5  JOIN def18_Item_Master i
  6    ON c.Com_id = i.company_code
  7  GROUP BY c.Com_id, c.com_name;

COM_NAME                                                                        
--------------------------------------------------------------------------------
AVERAGE_PRICE                                                                   
-------------                                                                   
LG                                                                              
          300                                                                   
                                                                                
Apple                                                                           
          550                                                                   
                                                                                
Samsung                                                                         
          575                                                                   
                                                                                

COM_NAME                                                                        
--------------------------------------------------------------------------------
AVERAGE_PRICE                                                                   
-------------                                                                   
Sony                                                                            
          325                                                                   
                                                                                

SQL> 
SQL> SELECT
  2      c.com_name,
  3      AVG(i.price) AS average_price
  4  FROM def18_Company_master c
  5  JOIN def18_Item_Master i
  6    ON c.Com_id = i.company_code
  7  GROUP BY c.Com_id, c.com_name
  8  HAVING AVG(i.price) >= 350;

COM_NAME                                                                        
--------------------------------------------------------------------------------
AVERAGE_PRICE                                                                   
-------------                                                                   
Apple                                                                           
          550                                                                   
                                                                                
Samsung                                                                         
          575                                                                   
                                                                                

SQL> 
